// Jest Snapshot v1, https://goo.gl/fbAQLP

exports[`Pruebas en el <AppRouter /> Debe de mostrasre correctamente 1`] = `
<div>
  <nav
    className="navbar navbar-expand-sm navbar-dark bg-dark"
  >
    <div
      className="container-fluid"
    >
      <a
        className="navbar-brand"
        href="/"
        onClick={[Function]}
      >
        useContext
      </a>
      <div
        className="collapse navbar-collapse"
        id="navbarNavAltMarkup"
      >
        <div
          className="navbar-nav"
        >
          <a
            activeclassname="active"
            aria-current="page"
            className="nav-link  active"
            href="/"
            onClick={[Function]}
          >
            Home
          </a>
          <a
            activeclassname="active"
            className="nav-link"
            href="/about"
            onClick={[Function]}
          >
            About
          </a>
          <a
            activeclassname="active"
            className="nav-link"
            href="/login"
            onClick={[Function]}
          >
            Login
          </a>
        </div>
      </div>
    </div>
  </nav>
  <div
    className="container"
  >
    <div>
      <h1>
        HomeScreen
      </h1>
      <hr />
      <pre
        className="container"
      >
        {
   "user": 1,
   "name": "Arturo"
}
      </pre>
    </div>
  </div>
</div>
`;
