// Jest Snapshot v1, https://goo.gl/fbAQLP

exports[`Pruebas en <TodoList /> Debe de mostrarse correctamente 1`] = `
<ul
  className="list-group list-group-flush"
>
  <TodoListItem
    deleteTodo={[MockFunction]}
    handleToogle={[MockFunction]}
    i={0}
    item={
      Object {
        "desc": "Tareas",
        "done": false,
        "id": 1,
      }
    }
    key="1"
  />
  <TodoListItem
    deleteTodo={[MockFunction]}
    handleToogle={[MockFunction]}
    i={1}
    item={
      Object {
        "desc": "Aprender node",
        "done": false,
        "id": 2,
      }
    }
    key="2"
  />
</ul>
`;
